============================================================================
    PC_MOSAIC/CLIPIMG LEVEL 3  MOSAIC PRODUCT REPORT   [ SPOT7_201505300205440_233_210_MS ]
============================================================================
PRODUCT: CSR_A0013033_SP7H1M_20150530  BSQ  LEVEL 3 
PROCESSED: TAIWAN SRSL,NCU, PC-MOSAIC ON 20211116
FILE ID:  SPOT7_201505300205440_233_210_MS
 
    IMAGE PARAMETERS:
**************************************************************************
Input Scene:
MSGPS File ID:  A0013033 (source image)      ON 20210415
(10163,10466) -- from (line:4817, sample:1) to (line:7124, sample:2080)
 
Pixel Spacing:
	Sample : 6.000 (meter), 	Line  : 6.000 (meter)
Ground Coverage:
	Height : 13848.000 (meter),	Width : 12480.000 (meter)
 
SCENE CENTER PARAMETERS :
 GMT:  2015-05-30T02:05:48.822
Latitude    :    25.0625051,	Longitude     :   121.1883456
Northing    :   2772714.000,	Easting       :    269002.000
Line Number :       1154.50,	Sample Number :       1040.50
 
CORNER PARAMETERS:                         MAP SYSTEM :TWD97
CORNER    Latitude     Longitude      Northing       Easting    Line   Pixel
 UL:    25.1250822   121.1265599   2779638.000    262762.000       1       1
 UR:    25.1249249   121.2503225   2779638.000    275242.000       1    2080
 LR:    24.9999021   121.2500686   2765790.000    275242.000    2308    2080
 LL:    25.0000586   121.1264315   2765790.000    262762.000    2308       1
 
SCENE PARAMETERS :
 Incidence Angle  :       12.007531,   Orientation :     55.656535
Azimuth          :      93.025115,   Elevation   :      65.540792
 View Angle Along Track :         7.672751,   View Angle Across Track :        -7.680318
View Angle    :10.875802

PHYSICAL GAIN    :
	9.490000  10.480000  11.300000  16.930000
 
PHYSICAL BIAS :
	       0.000000         0.000000         0.000000         0.000000
 
        F I L E    L I S T I N G : (MOSAIC format)
***********************************************************
File                              FileName
Imagery File( Band 1 BLUE )       SPOT7_201505300205440_233_210_MS.1.bsq
Imagery File( Band 2 GREEN )      SPOT7_201505300205440_233_210_MS.2.bsq
Imagery File( Band 3 RED )        SPOT7_201505300205440_233_210_MS.3.bsq
Imagery File( Band 4 NIR )        SPOT7_201505300205440_233_210_MS.4.bsq
Image Report Files                SPOT7_201505300205440_233_210_MS.RPT
                                                           
        NOTES FOR READING THIS IMAGE : 
***********************************************************
1. It is 16 bits BSQ(Bands Sequential) structure product. Each
   imagery file is for one band.
2. Image Size :    2308  lines   *    2080   samples.
3. Image(Line:1, Sample:1) is located at imagery file (record:1, byte:1).
4. Geographic Coordinate is defined at image [CORNER].
5. Image Coordinate is defined at [Pixel Center].

        GEOMETRIC QUALITY ASSESSMENT REPORT : 
***********************************************************
DTM File Description : TWD97
Map Projection : TWD97
Image Resampling Method : CC

Reflectance Radiance = Digital Count / Physical GAIN  (Unit: W/m^2/?gm/sr)

